
> amouris@0.1.0 build
> next build

  Ôû▓ Next.js 14.2.35
  - Environments: .env

   Creating an optimized production build ...
node.exe : <w> [webpack.cache.PackFileCacheStrategy] Serializing big strings (215kiB) impacts deserialization 
performance (consider using Buffer instead and decode when needed)
At line:1 char:1
+ & "C:\Program Files\nodejs/node.exe" "C:\Program Files\nodejs/node_mo ...
+ ~~~~~~~~~~~~~~~~~~~~~~~~~~~~~~~~~~~~~~~~~~~~~~~~~~~~~~~~~~~~~~~~~~~~~
    + CategoryInfo          : NotSpecified: (<w> [webpack.ca...de when needed):String) [], RemoteException
    + FullyQualifiedErrorId : NativeCommandError
 
 Ô£ô Compiled successfully
   Linting and checking validity of types ...

Failed to compile.


./app/(admin)/admin/AdminDashboardClient.tsx
33:19  Warning: Unexpected any. Specify a different type.  @typescript-eslint/no-explicit-any

./app/(admin)/admin/analytics/AdminAnalyticsClient.tsx
19:21  Warning: 't' is assigned a value but never used. Allowed unused vars must match /^_/u.  
@typescript-eslint/no-unused-vars
43:34  Warning: Unexpected any. Specify a different type.  @typescript-eslint/no-explicit-any

./app/(admin)/admin/customers/AdminCustomersClient.tsx
8:32  Warning: 'Lock' is defined but never used. Allowed unused vars must match /^_/u.  
@typescript-eslint/no-unused-vars
11:10  Warning: 'updateProfile' is defined but never used. Allowed unused vars must match /^_/u.  
@typescript-eslint/no-unused-vars
29:37  Warning: 'customer' is defined but never used. Allowed unused args must match /^_/u.  
@typescript-eslint/no-unused-vars
34:14  Warning: 'error' is defined but never used.  @typescript-eslint/no-unused-vars

./app/(admin)/admin/invoices/AdminInvoicesClient.tsx
12:20  Warning: Unexpected any. Specify a different type.  @typescript-eslint/no-explicit-any

./app/(admin)/admin/orders/AdminOrdersClient.tsx
9:23  Warning: 'FileText' is defined but never used. Allowed unused vars must match /^_/u.  
@typescript-eslint/no-unused-vars
154:70  Warning: Unexpected any. Specify a different type.  @typescript-eslint/no-explicit-any

./app/(admin)/admin/orders/[id]/AdminOrderDetailClient.tsx
18:13  Warning: Unexpected any. Specify a different type.  @typescript-eslint/no-explicit-any
35:21  Warning: Unexpected any. Specify a different type.  @typescript-eslint/no-explicit-any
47:14  Warning: 'error' is defined but never used.  @typescript-eslint/no-unused-vars
135:62  Warning: Unexpected any. Specify a different type.  @typescript-eslint/no-explicit-any
151:69  Warning: Unexpected any. Specify a different type.  @typescript-eslint/no-explicit-any

./app/(admin)/admin/products/ProductFormClient.tsx
6:53  Warning: 'ProductType' is defined but never used. Allowed unused vars must match /^_/u.  
@typescript-eslint/no-unused-vars
13:10  Warning: 'Checkbox' is defined but never used. Allowed unused vars must match /^_/u.  
@typescript-eslint/no-unused-vars
15:16  Warning: 'X' is defined but never used. Allowed unused vars must match /^_/u.  @typescript-eslint/no-unused-vars
15:19  Warning: 'Upload' is defined but never used. Allowed unused vars must match /^_/u.  
@typescript-eslint/no-unused-vars
55:38  Warning: Unexpected any. Specify a different type.  @typescript-eslint/no-explicit-any
56:38  Warning: Unexpected any. Specify a different type.  @typescript-eslint/no-explicit-any
61:24  Warning: Unexpected any. Specify a different type.  @typescript-eslint/no-explicit-any
91:21  Warning: Unexpected any. Specify a different type.  @typescript-eslint/no-explicit-any
330:67  Warning: Unexpected any. Specify a different type.  @typescript-eslint/no-explicit-any

./app/(store)/about/page.tsx
7:11  Warning: 't' is assigned a value but never used. Allowed unused vars must match /^_/u.  
@typescript-eslint/no-unused-vars

./app/(store)/account/orders/AccountOrdersClient.tsx
32:19  Warning: Unexpected any. Specify a different type.  @typescript-eslint/no-explicit-any
115:17  Warning: Unexpected any. Specify a different type.  @typescript-eslint/no-explicit-any

./app/(store)/account/orders/[id]/OrderDetailClient.tsx
11:13  Warning: Unexpected any. Specify a different type.  @typescript-eslint/no-explicit-any

./app/(store)/account/page.tsx
5:10  Warning: 'motion' is defined but never used. Allowed unused vars must match /^_/u.  
@typescript-eslint/no-unused-vars

./app/(store)/account/settings/SettingsClient.tsx
43:21  Warning: Unexpected any. Specify a different type.  @typescript-eslint/no-explicit-any

./app/(store)/checkout/page.tsx
68:21  Warning: Unexpected any. Specify a different type.  @typescript-eslint/no-explicit-any

./app/(store)/checkout/success/page.tsx
3:10  Warning: 'notFound' is defined but never used. Allowed unused vars must match /^_/u.  
@typescript-eslint/no-unused-vars

./app/(store)/HomeClient.tsx
4:8  Warni
ng: 'Image' is defined but never used. Allowed unused vars must match /^_/u.  @typescript-eslint/no-unused-vars
9:10  Warning: 'Button' is defined but never used. Allowed unused vars must match /^_/u.  
@typescript-eslint/no-unused-vars
15:18  Warning: Unexpected any. Specify a different type.  @typescript-eslint/no-explicit-any
32:9  Warning: 'y' is assigned a value but never used. Allowed unused vars must match /^_/u.  
@typescript-eslint/no-unused-vars
87:68  Error: `'` can be escaped with `&apos;`, `&lsquo;`, `&#39;`, `&rsquo;`.  react/no-unescaped-entities

./app/(store)/page.tsx
1:10  Warning: 'getProducts' is defined but never used. Allowed unused vars must match /^_/u.  
@typescript-eslint/no-unused-vars
18:30  Warning: Unexpected any. Specify a different type.  @typescript-eslint/no-explicit-any

./app/(store)/product/[slug]/ProductClient.tsx
35:33  Warning: Unexpected any. Specify a different type.  @typescript-eslint/no-explicit-any
76:74  Warning: Unexpected any. Specify a different type.  @typescript-eslint/no-explicit-any
141:64  Warning: Unexpected any. Specify a different type.  @typescript-eslint/no-explicit-any
156:84  Warning: Unexpected any. Specify a different type.  @typescript-eslint/no-explicit-any
164:68  Warning: Unexpected any. Specify a different type.  @typescript-eslint/no-explicit-any
165:78  Warning: Unexpected any. Specify a different type.  @typescript-eslint/no-explicit-any

./app/(store)/register/page.tsx
52:21  Warning: Unexpected any. Specify a different type.  @typescript-eslint/no-explicit-any

./app/(store)/shop/page.tsx
8:41  Warning: Unexpected any. Specify a different type.  @typescript-eslint/no-explicit-any

./components/admin/header.tsx
13:11  Warning: 'language' is assigned a value but never used. Allowed unused vars must match /^_/u.  
@typescript-eslint/no-unused-vars

./components/store/announcement-bar.tsx
6:21  Warning: 'dir' is assigned a value but never used. Allowed unused vars must match /^_/u.  
@typescript-eslint/no-unused-vars

./components/store/header.tsx
12:14  Warning: 'dir' is assigned a value but never used. Allowed unused vars must match /^_/u.  
@typescript-eslint/no-unused-vars

./lib/actions/analytics.ts
23:43  Warning: Unexpected any. Specify a different type.  @typescript-eslint/no-explicit-any
23:55  Warning: Unexpected any. Specify a different type.  @typescript-eslint/no-explicit-any
63:43  Warning: Unexpected any. Specify a different type.  @typescript-eslint/no-explicit-any
63:54  Warning: Unexpected any. Specify a different type.  @typescript-eslint/no-explicit-any
72:15  Warning: Unexpected any. Specify a different type.  @typescript-eslint/no-explicit-any
72:23  Warning: Unexpected any. Specify a different type.  @typescript-eslint/no-explicit-any
89:43  Warning: Unexpected any. Specify a different type.  @typescript-eslint/no-explicit-any
89:55  Warning: Unexpected any. Specify a different type.  @typescript-eslint/no-explicit-any
90:61  Warning: Unexpected any. Specify a different type.  @typescript-eslint/no-explicit-any

./lib/actions/announcements.ts
22:31  Warning: Unexpected any. Specify a different type.  @typescript-eslint/no-explicit-any

./lib/actions/brands.ts
5:10  Warning: 'Brand' is defined but never used. Allowed unused vars must match /^_/u.  
@typescript-eslint/no-unused-vars
21:31  Warning: Unexpected any. Specify a different type.  @typescript-eslint/no-explicit-any

./lib/actions/categories.ts
5:10  Warning: 'Category' is defined but never used. Allowed unused vars must match /^_/u.  
@typescript-eslint/no-unused-vars
21:31  Warning: Unexpected any. Specify a different type.  @typescript-eslint/no-explicit-any

./lib/actions/customers.ts
42:9  Warning: 'cookieStore' is assigned a value but never used. Allowed unused vars must match /^_/u.  
@typescript-eslint/no-unused-vars
94:19  Warning: Unexpected any. Specify a different type.  @typescript-eslint/no-explicit-any
147:44  Warning: Unexpected any. Specify a different type.  @typescript-eslint/no-explicit-any

./lib/actions/invoices.ts
32:30  Warning: Unexpected any. Specify a dif
ferent type.  @typescript-eslint/no-explicit-any
90:54  Warning: Unexpected any. Specify a different type.  @typescript-eslint/no-explicit-any
107:26  Warning: Unexpected any. Specify a different type.  @typescript-eslint/no-explicit-any
127:23  Warning: Unexpected any. Specify a different type.  @typescript-eslint/no-explicit-any
132:23  Warning: Unexpected any. Specify a different type.  @typescript-eslint/no-explicit-any
149:17  Warning: 'uploadData' is assigned a value but never used. Allowed unused vars must match /^_/u.  
@typescript-eslint/no-unused-vars

./lib/actions/orders.ts
250:17  Warning: Unexpected any. Specify a different type.  @typescript-eslint/no-explicit-any
269:51  Warning: Unexpected any. Specify a different type.  @typescript-eslint/no-explicit-any

./lib/actions/products.ts
138:64  Warning: Unexpected any. Specify a different type.  @typescript-eslint/no-explicit-any
139:61  Warning: Unexpected any. Specify a different type.  @typescript-eslint/no-explicit-any
148:48  Warning: Unexpected any. Specify a different type.  @typescript-eslint/no-explicit-any
149:34  Warning: Unexpected any. Specify a different type.  @typescript-eslint/no-explicit-any
149:56  Warning: Unexpected any. Specify a different type.  @typescript-eslint/no-explicit-any
191:64  Warning: Unexpected any. Specify a different type.  @typescript-eslint/no-explicit-any
192:61  Warning: Unexpected any. Specify a different type.  @typescript-eslint/no-explicit-any
201:48  Warning: Unexpected any. Specify a different type.  @typescript-eslint/no-explicit-any
203:34  Warning: Unexpected any. Specify a different type.  @typescript-eslint/no-explicit-any
203:56  Warning: Unexpected any. Specify a different type.  @typescript-eslint/no-explicit-any

./lib/actions/storage.ts
4:10  Warning: 'revalidatePath' is defined but never used. Allowed unused vars must match /^_/u.  
@typescript-eslint/no-unused-vars
11:11  Warning: 'data' is assigned a value but never used. Allowed unused vars must match /^_/u.  
@typescript-eslint/no-unused-vars

./lib/actions/tags.ts
3:15  Warning: 'Product' is defined but never used. Allowed unused vars must match /^_/u.  
@typescript-eslint/no-unused-vars
3:24  Warning: 'ProductType' is defined but never used. Allowed unused vars must match /^_/u.  
@typescript-eslint/no-unused-vars
23:31  Warning: Unexpected any. Specify a different type.  @typescript-eslint/no-explicit-any
76:34  Warning: Unexpected any. Specify a different type.  @typescript-eslint/no-explicit-any

info  - Need to disable some ESLint rules? Learn more here: 
https://nextjs.org/docs/basic-features/eslint#disabling-rules

